map_format=2
map_id=crossroads
world_name=Crossroads
tile_size=48
size=44,26
spawn=300,620
asset=player,character,base_out_atlas.png
asset=terrain,map,terrain_atlas.png
asset=objects,map,base_out_atlas.png
property=music,crossroads_market
property=climate,dry_wind
property=biome,trade_crossroads
property=map_script,crossroads_main
property=player_sprite_north,player@640@0@32@32
property=player_sprite_east,player@672@0@32@32
property=player_sprite_west,player@704@0@32@32
property=player_sprite_south,player@608@0@32@32
layer=ground,tilemap,asset:terrain@32@0@32@32,tint:#F8EBCDFF,parallax:1.0
layer=road,tilemap,asset:terrain@96@0@32@32,tint:#EED7A8FF,parallax:1.0
layer=detail,tilemap,asset:objects@320@0@32@32,tint:#FFF1C8FF,parallax:1.08
area=block,312,244,220,160
area=block,870,264,260,140
area=block,1130,720,240,220
area=block,420,980,220,120
area=water,860,104,340,150
entity=prop,sign_north,612,232,32,32
prop=sign_north,title,Northern Route
prop=sign_north,description,The northern caravan road leads into the hills.
prop=sign_north,sprite,objects@384@0@32@32
prop=sign_north,pivot,0.0|0.0
prop=sign_north,facing,north
prop=sign_north,z,1
entity=prop,sign_south,684,920,32,32
prop=sign_south,title,Southern Route
prop=sign_south,description,The southern road heads toward the river camps.
prop=sign_south,sprite,objects@384@0@32@32
prop=sign_south,pivot,0.0|0.0
prop=sign_south,facing,south
prop=sign_south,z,1
entity=prop,milestone_center,664,560,32,32
prop=milestone_center,title,Crossroads Marker
prop=milestone_center,description,Merchants carved old distance marks into this stone.
prop=milestone_center,sprite,objects@416@0@32@32
prop=milestone_center,pivot,0.0|0.0
prop=milestone_center,facing,south
prop=milestone_center,z,1
entity=portal,portal_to_greenfields,180,560,128,160
prop=portal_to_greenfields,title,Gate to Greenfields
prop=portal_to_greenfields,script,portal_travel
prop=portal_to_greenfields,sprite,objects@384@0@32@32
prop=portal_to_greenfields,pivot,0.0|0.0
prop=portal_to_greenfields,facing,west
prop=portal_to_greenfields,z,1
prop=portal_to_greenfields,target_map,starter_field
prop=portal_to_greenfields,target_x,1120
prop=portal_to_greenfields,target_y,672
