map_id=crossroads
world_name=Crossroads
tile=48
width=44
height=26
spawn=300,620
property=music,crossroads_market
property=climate,dry_wind
property=biome,trade_crossroads
property=map_script,crossroads_main
property=player_sprite_north,character:base_out_atlas.png@640@0@32@32
property=player_sprite_east,character:base_out_atlas.png@672@0@32@32
property=player_sprite_west,character:base_out_atlas.png@704@0@32@32
property=player_sprite_south,character:base_out_atlas.png@608@0@32@32
layer=ground,image,map:terrain_atlas.png@32@0@32@32,#F8EBCDFF,1.0
layer=road,image,map:terrain_atlas.png@96@0@32@32,#EED7A8FF,1.0
layer=detail,image,map:base_out_atlas.png@320@0@32@32,#FFF1C8FF,1.08
object=prop,sign_north,612,232,32,32,title:Northern Route,description:The northern caravan road leads into the hills.,sprite:map:base_out_atlas.png@384@0@32@32,pivot:0.0|0.0,facing:north,z:1
object=prop,sign_south,684,920,32,32,title:Southern Route,description:The southern road heads toward the river camps.,sprite:map:base_out_atlas.png@384@0@32@32,pivot:0.0|0.0,facing:south,z:1
object=prop,milestone_center,664,560,32,32,title:Crossroads Marker,description:Merchants carved old distance marks into this stone.,sprite:map:base_out_atlas.png@416@0@32@32,pivot:0.0|0.0,facing:south,z:1
object=portal,portal_to_greenfields,180,560,128,160,title:Gate to Greenfields,sprite:map:base_out_atlas.png@384@0@32@32,pivot:0.0|0.0,facing:west,z:1,target_map:starter_field,target_x:1120,target_y:672
blocked=312,244,220,160
blocked=870,264,260,140
blocked=1130,720,240,220
blocked=420,980,220,120
water=860,104,340,150
