map_format=2
map_id=new_map
world_name=New Region
tile_size=32
size=24,18
spawn=400,208
property=music,prototype_day
property=climate,temperate
layer=base,tilemap,tint:#FFFFFFFF,parallax:1
layer=layer_2,tilemap,tint:#FFFFFFFF,parallax:1
line=base,0,0,23,0,map\:terrain_atlas.png@0@800@32@32
line=base,0,1,23,1,map\:terrain_atlas.png@0@800@32@32
line=base,0,2,23,2,map\:terrain_atlas.png@0@800@32@32
line=base,0,3,23,3,map\:terrain_atlas.png@0@800@32@32
line=base,0,4,23,4,map\:terrain_atlas.png@0@800@32@32
line=base,0,5,23,5,map\:terrain_atlas.png@0@800@32@32
line=base,0,6,23,6,map\:terrain_atlas.png@0@800@32@32
line=base,0,7,23,7,map\:terrain_atlas.png@0@800@32@32
line=base,0,8,23,8,map\:terrain_atlas.png@0@800@32@32
line=base,0,9,23,9,map\:terrain_atlas.png@0@800@32@32
line=base,0,10,23,10,map\:terrain_atlas.png@0@800@32@32
line=base,0,11,23,11,map\:terrain_atlas.png@0@800@32@32
line=base,0,12,23,12,map\:terrain_atlas.png@0@800@32@32
line=base,0,13,23,13,map\:terrain_atlas.png@0@800@32@32
line=base,0,14,23,14,map\:terrain_atlas.png@0@800@32@32
line=base,0,15,23,15,map\:terrain_atlas.png@0@800@32@32
line=base,0,16,23,16,map\:terrain_atlas.png@0@800@32@32
line=base,0,17,23,17,map\:terrain_atlas.png@0@800@32@32
tile=layer_2,11,5,map\:terrain_atlas.png@192@832@32@32
tile=layer_2,11,6,map\:terrain_atlas.png@192@864@32@32
tile=layer_2,11,7,map\:terrain_atlas.png@192@896@32@32
tile=layer_2,18,4,map\:terrain_atlas.png@192@960@32@32
tile=layer_2,18,5,map\:terrain_atlas.png@192@992@32@32
tile=layer_2,12,5,map\:terrain_atlas.png@224@832@32@32
tile=layer_2,12,6,map\:terrain_atlas.png@224@864@32@32
tile=layer_2,12,7,map\:terrain_atlas.png@224@896@32@32
tile=layer_2,19,4,map\:terrain_atlas.png@224@960@32@32
tile=layer_2,19,5,map\:terrain_atlas.png@224@992@32@32
tile=layer_2,13,5,map\:terrain_atlas.png@256@832@32@32
tile=layer_2,13,6,map\:terrain_atlas.png@256@864@32@32
tile=layer_2,13,7,map\:terrain_atlas.png@256@896@32@32
tile=layer_2,20,4,map\:terrain_atlas.png@256@960@32@32
tile=layer_2,20,5,map\:terrain_atlas.png@256@992@32@32
tile=layer_2,7,2,map\:terrain_atlas.png@288@352@32@32
tile=layer_2,8,4,map\:terrain_atlas.png@288@352@96@96
tile=layer_2,7,3,map\:terrain_atlas.png@288@384@32@32
tile=layer_2,7,4,map\:terrain_atlas.png@288@416@32@32
tile=layer_2,8,2,map\:terrain_atlas.png@320@352@32@32
tile=layer_2,8,3,map\:terrain_atlas.png@320@384@32@32
line=layer_2,5,6,7,6,map\:terrain_atlas.png@32@992@32@32
line=layer_2,5,11,9,11,map\:terrain_atlas.png@32@992@32@32
tiles=layer_2,map\:terrain_atlas.png@32@992@32@32,5:12,6:12,6:13,7:13,7:14,8:10,8:14,9:10,9:15,10:5,10:10,10:15,11:11,11:15,12:10,12:15,13:15,14:5,14:9,14:15,15:14,16:5,16:9,16:11,16:14,17:8,17:11,18:8,18:11,19:8
tile=layer_2,9,2,map\:terrain_atlas.png@352@352@32@32
tile=layer_2,9,3,map\:terrain_atlas.png@352@384@32@32
tile=layer_2,9,4,map\:terrain_atlas.png@352@416@32@32
tile=layer_2,15,3,map\:terrain_atlas.png@576@384@64@64
entity=portal,portal_1,640,320,32,32
prop=portal_1,sprite,map\:terrain_atlas.png@544@384@32@32
prop=portal_1,title,Portal
prop=portal_1,target_x,640
prop=portal_1,target_y,320
prop=portal_1,collision,block
prop=portal_1,collider,11|16|11|16
entity=npc,npc_2,224,256,32,32
prop=npc_2,sprite,map\:terrain_atlas.png@544@384@32@32
prop=npc_2,title,NPC
prop=npc_2,name,Guide
entity=portal,portal_3,544,480,32,32
prop=portal_3,sprite,map\:terrain_atlas.png@544@384@32@32
prop=portal_3,title,Portal
prop=portal_3,target_x,544
prop=portal_3,target_y,480
