map_id=new_map
world_name=New Region
tile=48
width=24
height=18
spawn=600,312
property=music,prototype_day
property=climate,temperate
layer=ground,image,,#FFFFFFFF,1
layer=road,image,,#FFFFFFFF,1
layer=detail,image,,#FFFFFFFF,1
stamp=ground,23,17,map\:terrain_atlas.png@0@800@32@32
stamp=ground,23,16,map\:terrain_atlas.png@0@800@32@32
stamp=ground,23,15,map\:terrain_atlas.png@0@800@32@32
stamp=ground,23,14,map\:terrain_atlas.png@0@800@32@32
stamp=ground,23,13,map\:terrain_atlas.png@0@800@32@32
stamp=ground,23,12,map\:terrain_atlas.png@0@800@32@32
stamp=ground,23,11,map\:terrain_atlas.png@0@800@32@32
stamp=ground,23,10,map\:terrain_atlas.png@0@800@32@32
stamp=ground,23,9,map\:terrain_atlas.png@0@800@32@32
stamp=ground,23,8,map\:terrain_atlas.png@0@800@32@32
stamp=ground,23,7,map\:terrain_atlas.png@0@800@32@32
stamp=ground,23,6,map\:terrain_atlas.png@0@800@32@32
stamp=ground,23,5,map\:terrain_atlas.png@0@800@32@32
stamp=ground,23,4,map\:terrain_atlas.png@0@800@32@32
stamp=ground,23,3,map\:terrain_atlas.png@0@800@32@32
stamp=ground,23,2,map\:terrain_atlas.png@0@800@32@32
stamp=ground,23,1,map\:terrain_atlas.png@0@800@32@32
stamp=ground,23,0,map\:terrain_atlas.png@0@800@32@32
stamp=ground,8,0,map\:terrain_atlas.png@0@800@32@32
stamp=ground,7,0,map\:terrain_atlas.png@0@800@32@32
stamp=ground,6,1,map\:terrain_atlas.png@0@800@32@32
stamp=ground,5,2,map\:terrain_atlas.png@0@800@32@32
stamp=ground,5,3,map\:terrain_atlas.png@0@800@32@32
stamp=ground,4,3,map\:terrain_atlas.png@0@800@32@32
stamp=ground,3,3,map\:terrain_atlas.png@0@800@32@32
stamp=ground,2,3,map\:terrain_atlas.png@0@800@32@32
stamp=ground,1,3,map\:terrain_atlas.png@0@800@32@32
stamp=ground,0,3,map\:terrain_atlas.png@0@800@32@32
stamp=ground,6,3,map\:terrain_atlas.png@0@800@32@32
stamp=ground,7,3,map\:terrain_atlas.png@0@800@32@32
stamp=ground,8,3,map\:terrain_atlas.png@0@800@32@32
stamp=ground,9,3,map\:terrain_atlas.png@0@800@32@32
stamp=ground,10,3,map\:terrain_atlas.png@0@800@32@32
stamp=ground,11,3,map\:terrain_atlas.png@0@800@32@32
stamp=ground,12,3,map\:terrain_atlas.png@0@800@32@32
stamp=ground,12,4,map\:terrain_atlas.png@0@800@32@32
stamp=ground,13,4,map\:terrain_atlas.png@0@800@32@32
stamp=ground,14,5,map\:terrain_atlas.png@0@800@32@32
stamp=ground,14,6,map\:terrain_atlas.png@0@800@32@32
stamp=ground,15,6,map\:terrain_atlas.png@0@800@32@32
stamp=ground,15,7,map\:terrain_atlas.png@0@800@32@32
stamp=ground,15,8,map\:terrain_atlas.png@0@800@32@32
stamp=ground,15,9,map\:terrain_atlas.png@0@800@32@32
stamp=ground,15,10,map\:terrain_atlas.png@0@800@32@32
stamp=ground,15,11,map\:terrain_atlas.png@0@800@32@32
stamp=ground,15,12,map\:terrain_atlas.png@0@800@32@32
stamp=ground,15,13,map\:terrain_atlas.png@0@800@32@32
stamp=ground,15,14,map\:terrain_atlas.png@0@800@32@32
stamp=ground,14,15,map\:terrain_atlas.png@0@800@32@32
stamp=ground,13,15,map\:terrain_atlas.png@0@800@32@32
stamp=ground,12,15,map\:terrain_atlas.png@0@800@32@32
stamp=ground,11,15,map\:terrain_atlas.png@0@800@32@32
stamp=ground,10,15,map\:terrain_atlas.png@0@800@32@32
stamp=ground,9,15,map\:terrain_atlas.png@0@800@32@32
stamp=ground,8,15,map\:terrain_atlas.png@0@800@32@32
stamp=ground,7,15,map\:terrain_atlas.png@0@800@32@32
stamp=ground,6,15,map\:terrain_atlas.png@0@800@32@32
stamp=ground,5,15,map\:terrain_atlas.png@0@800@32@32
stamp=ground,4,15,map\:terrain_atlas.png@0@800@32@32
stamp=ground,3,15,map\:terrain_atlas.png@0@800@32@32
stamp=ground,2,15,map\:terrain_atlas.png@0@800@32@32
stamp=ground,15,15,map\:terrain_atlas.png@0@800@32@32
stamp=ground,16,14,map\:terrain_atlas.png@0@800@32@32
stamp=ground,17,14,map\:terrain_atlas.png@0@800@32@32
stamp=ground,17,13,map\:terrain_atlas.png@0@800@32@32
stamp=ground,18,13,map\:terrain_atlas.png@0@800@32@32
stamp=ground,18,12,map\:terrain_atlas.png@0@800@32@32
stamp=ground,19,11,map\:terrain_atlas.png@0@800@32@32
stamp=ground,20,11,map\:terrain_atlas.png@0@800@32@32
stamp=ground,20,10,map\:terrain_atlas.png@0@800@32@32
stamp=ground,21,10,map\:terrain_atlas.png@0@800@32@32
stamp=ground,21,9,map\:terrain_atlas.png@0@800@32@32
stamp=ground,22,8,map\:terrain_atlas.png@0@800@32@32
stamp=ground,22,7,map\:terrain_atlas.png@0@800@32@32
stamp=ground,22,6,map\:terrain_atlas.png@0@800@32@32
stamp=ground,22,5,map\:terrain_atlas.png@0@800@32@32
stamp=ground,22,4,map\:terrain_atlas.png@0@800@32@32
stamp=ground,22,3,map\:terrain_atlas.png@0@800@32@32
stamp=ground,22,2,map\:terrain_atlas.png@0@800@32@32
stamp=ground,22,1,map\:terrain_atlas.png@0@800@32@32
stamp=ground,21,1,map\:terrain_atlas.png@0@800@32@32
stamp=ground,20,1,map\:terrain_atlas.png@0@800@32@32
stamp=ground,19,1,map\:terrain_atlas.png@0@800@32@32
stamp=ground,18,1,map\:terrain_atlas.png@0@800@32@32
stamp=ground,17,1,map\:terrain_atlas.png@0@800@32@32
stamp=ground,16,1,map\:terrain_atlas.png@0@800@32@32
stamp=ground,15,1,map\:terrain_atlas.png@0@800@32@32
stamp=ground,14,1,map\:terrain_atlas.png@0@800@32@32
stamp=ground,13,1,map\:terrain_atlas.png@0@800@32@32
stamp=ground,12,1,map\:terrain_atlas.png@0@800@32@32
stamp=ground,12,2,map\:terrain_atlas.png@0@800@32@32
stamp=ground,12,5,map\:terrain_atlas.png@0@800@32@32
stamp=ground,12,6,map\:terrain_atlas.png@0@800@32@32
stamp=ground,12,7,map\:terrain_atlas.png@0@800@32@32
stamp=ground,12,8,map\:terrain_atlas.png@0@800@32@32
stamp=ground,12,9,map\:terrain_atlas.png@0@800@32@32
stamp=ground,12,10,map\:terrain_atlas.png@0@800@32@32
stamp=ground,12,11,map\:terrain_atlas.png@0@800@32@32
stamp=ground,12,12,map\:terrain_atlas.png@0@800@32@32
stamp=ground,11,12,map\:terrain_atlas.png@0@800@32@32
stamp=ground,10,12,map\:terrain_atlas.png@0@800@32@32
stamp=ground,9,12,map\:terrain_atlas.png@0@800@32@32
stamp=ground,8,12,map\:terrain_atlas.png@0@800@32@32
stamp=ground,7,12,map\:terrain_atlas.png@0@800@32@32
stamp=ground,6,12,map\:terrain_atlas.png@0@800@32@32
stamp=ground,5,12,map\:terrain_atlas.png@0@800@32@32
stamp=ground,4,12,map\:terrain_atlas.png@0@800@32@32
stamp=ground,3,12,map\:terrain_atlas.png@0@800@32@32
stamp=ground,2,12,map\:terrain_atlas.png@0@800@32@32
stamp=ground,1,12,map\:terrain_atlas.png@0@800@32@32
stamp=ground,0,12,map\:terrain_atlas.png@0@800@32@32
stamp=ground,0,13,map\:terrain_atlas.png@0@800@32@32
stamp=ground,1,14,map\:terrain_atlas.png@0@800@32@32
stamp=ground,1,15,map\:terrain_atlas.png@0@800@32@32
stamp=ground,1,16,map\:terrain_atlas.png@0@800@32@32
stamp=ground,1,17,map\:terrain_atlas.png@0@800@32@32
stamp=ground,0,17,map\:terrain_atlas.png@0@800@32@32
stamp=ground,0,16,map\:terrain_atlas.png@0@800@32@32
stamp=ground,0,15,map\:terrain_atlas.png@0@800@32@32
stamp=ground,0,14,map\:terrain_atlas.png@0@800@32@32
stamp=ground,3,16,map\:terrain_atlas.png@0@800@32@32
stamp=ground,4,16,map\:terrain_atlas.png@0@800@32@32
stamp=ground,5,17,map\:terrain_atlas.png@0@800@32@32
stamp=ground,6,17,map\:terrain_atlas.png@0@800@32@32
stamp=ground,7,17,map\:terrain_atlas.png@0@800@32@32
stamp=ground,8,17,map\:terrain_atlas.png@0@800@32@32
stamp=ground,9,17,map\:terrain_atlas.png@0@800@32@32
stamp=ground,10,17,map\:terrain_atlas.png@0@800@32@32
stamp=ground,4,17,map\:terrain_atlas.png@0@800@32@32
stamp=ground,3,17,map\:terrain_atlas.png@0@800@32@32
stamp=ground,2,17,map\:terrain_atlas.png@0@800@32@32
stamp=ground,2,16,map\:terrain_atlas.png@0@800@32@32
stamp=ground,9,16,map\:terrain_atlas.png@0@800@32@32
stamp=ground,10,16,map\:terrain_atlas.png@0@800@32@32
stamp=ground,11,16,map\:terrain_atlas.png@0@800@32@32
stamp=ground,12,16,map\:terrain_atlas.png@0@800@32@32
stamp=ground,13,16,map\:terrain_atlas.png@0@800@32@32
stamp=ground,14,16,map\:terrain_atlas.png@0@800@32@32
stamp=ground,15,16,map\:terrain_atlas.png@0@800@32@32
stamp=ground,6,16,map\:terrain_atlas.png@0@800@32@32
stamp=ground,5,16,map\:terrain_atlas.png@0@800@32@32
stamp=ground,7,16,map\:terrain_atlas.png@0@800@32@32
stamp=ground,8,16,map\:terrain_atlas.png@0@800@32@32
stamp=ground,11,17,map\:terrain_atlas.png@0@800@32@32
stamp=ground,12,17,map\:terrain_atlas.png@0@800@32@32
stamp=ground,13,17,map\:terrain_atlas.png@0@800@32@32
stamp=ground,14,17,map\:terrain_atlas.png@0@800@32@32
stamp=ground,15,17,map\:terrain_atlas.png@0@800@32@32
stamp=ground,16,17,map\:terrain_atlas.png@0@800@32@32
stamp=ground,17,17,map\:terrain_atlas.png@0@800@32@32
stamp=ground,18,17,map\:terrain_atlas.png@0@800@32@32
stamp=ground,19,17,map\:terrain_atlas.png@0@800@32@32
stamp=ground,20,17,map\:terrain_atlas.png@0@800@32@32
stamp=ground,21,17,map\:terrain_atlas.png@0@800@32@32
stamp=ground,22,17,map\:terrain_atlas.png@0@800@32@32
stamp=ground,22,16,map\:terrain_atlas.png@0@800@32@32
stamp=ground,22,14,map\:terrain_atlas.png@0@800@32@32
stamp=ground,22,13,map\:terrain_atlas.png@0@800@32@32
stamp=ground,22,12,map\:terrain_atlas.png@0@800@32@32
stamp=ground,22,11,map\:terrain_atlas.png@0@800@32@32
stamp=ground,22,10,map\:terrain_atlas.png@0@800@32@32
stamp=ground,22,9,map\:terrain_atlas.png@0@800@32@32
stamp=ground,22,15,map\:terrain_atlas.png@0@800@32@32
stamp=ground,21,16,map\:terrain_atlas.png@0@800@32@32
stamp=ground,21,15,map\:terrain_atlas.png@0@800@32@32
stamp=ground,21,14,map\:terrain_atlas.png@0@800@32@32
stamp=ground,21,13,map\:terrain_atlas.png@0@800@32@32
stamp=ground,21,12,map\:terrain_atlas.png@0@800@32@32
stamp=ground,21,11,map\:terrain_atlas.png@0@800@32@32
stamp=ground,20,12,map\:terrain_atlas.png@0@800@32@32
stamp=ground,20,13,map\:terrain_atlas.png@0@800@32@32
stamp=ground,20,14,map\:terrain_atlas.png@0@800@32@32
stamp=ground,20,15,map\:terrain_atlas.png@0@800@32@32
stamp=ground,20,16,map\:terrain_atlas.png@0@800@32@32
stamp=ground,19,16,map\:terrain_atlas.png@0@800@32@32
stamp=ground,18,16,map\:terrain_atlas.png@0@800@32@32
stamp=ground,17,16,map\:terrain_atlas.png@0@800@32@32
stamp=ground,16,16,map\:terrain_atlas.png@0@800@32@32
stamp=ground,16,15,map\:terrain_atlas.png@0@800@32@32
stamp=ground,17,15,map\:terrain_atlas.png@0@800@32@32
stamp=ground,18,14,map\:terrain_atlas.png@0@800@32@32
stamp=ground,19,15,map\:terrain_atlas.png@0@800@32@32
stamp=ground,18,15,map\:terrain_atlas.png@0@800@32@32
stamp=ground,19,14,map\:terrain_atlas.png@0@800@32@32
stamp=ground,19,13,map\:terrain_atlas.png@0@800@32@32
stamp=ground,19,12,map\:terrain_atlas.png@0@800@32@32
stamp=ground,19,10,map\:terrain_atlas.png@0@800@32@32
stamp=ground,20,9,map\:terrain_atlas.png@0@800@32@32
stamp=ground,20,8,map\:terrain_atlas.png@0@800@32@32
stamp=ground,21,8,map\:terrain_atlas.png@0@800@32@32
stamp=ground,21,7,map\:terrain_atlas.png@0@800@32@32
stamp=ground,21,6,map\:terrain_atlas.png@0@800@32@32
stamp=ground,19,9,map\:terrain_atlas.png@0@800@32@32
stamp=ground,18,10,map\:terrain_atlas.png@0@800@32@32
stamp=ground,17,10,map\:terrain_atlas.png@0@800@32@32
stamp=ground,17,11,map\:terrain_atlas.png@0@800@32@32
stamp=ground,16,11,map\:terrain_atlas.png@0@800@32@32
stamp=ground,14,13,map\:terrain_atlas.png@0@800@32@32
stamp=ground,13,14,map\:terrain_atlas.png@0@800@32@32
stamp=ground,14,14,map\:terrain_atlas.png@0@800@32@32
stamp=ground,16,13,map\:terrain_atlas.png@0@800@32@32
stamp=ground,16,12,map\:terrain_atlas.png@0@800@32@32
stamp=ground,17,12,map\:terrain_atlas.png@0@800@32@32
stamp=ground,18,11,map\:terrain_atlas.png@0@800@32@32
stamp=ground,13,13,map\:terrain_atlas.png@0@800@32@32
stamp=ground,12,13,map\:terrain_atlas.png@0@800@32@32
stamp=ground,12,14,map\:terrain_atlas.png@0@800@32@32
stamp=ground,11,14,map\:terrain_atlas.png@0@800@32@32
stamp=ground,11,13,map\:terrain_atlas.png@0@800@32@32
stamp=ground,10,13,map\:terrain_atlas.png@0@800@32@32
stamp=ground,9,13,map\:terrain_atlas.png@0@800@32@32
stamp=ground,8,13,map\:terrain_atlas.png@0@800@32@32
stamp=ground,8,14,map\:terrain_atlas.png@0@800@32@32
stamp=ground,7,14,map\:terrain_atlas.png@0@800@32@32
stamp=ground,6,14,map\:terrain_atlas.png@0@800@32@32
stamp=ground,5,14,map\:terrain_atlas.png@0@800@32@32
stamp=ground,4,14,map\:terrain_atlas.png@0@800@32@32
stamp=ground,3,14,map\:terrain_atlas.png@0@800@32@32
stamp=ground,9,14,map\:terrain_atlas.png@0@800@32@32
stamp=ground,10,14,map\:terrain_atlas.png@0@800@32@32
stamp=ground,7,13,map\:terrain_atlas.png@0@800@32@32
stamp=ground,6,13,map\:terrain_atlas.png@0@800@32@32
stamp=ground,5,13,map\:terrain_atlas.png@0@800@32@32
stamp=ground,4,13,map\:terrain_atlas.png@0@800@32@32
stamp=ground,3,13,map\:terrain_atlas.png@0@800@32@32
stamp=ground,2,13,map\:terrain_atlas.png@0@800@32@32
stamp=ground,1,13,map\:terrain_atlas.png@0@800@32@32
stamp=ground,2,14,map\:terrain_atlas.png@0@800@32@32
stamp=ground,1,11,map\:terrain_atlas.png@0@800@32@32
stamp=ground,0,11,map\:terrain_atlas.png@0@800@32@32
stamp=ground,0,10,map\:terrain_atlas.png@0@800@32@32
stamp=ground,0,9,map\:terrain_atlas.png@0@800@32@32
stamp=ground,0,8,map\:terrain_atlas.png@0@800@32@32
stamp=ground,0,7,map\:terrain_atlas.png@0@800@32@32
stamp=ground,0,6,map\:terrain_atlas.png@0@800@32@32
stamp=ground,0,5,map\:terrain_atlas.png@0@800@32@32
stamp=ground,0,4,map\:terrain_atlas.png@0@800@32@32
stamp=ground,1,5,map\:terrain_atlas.png@0@800@32@32
stamp=ground,1,4,map\:terrain_atlas.png@0@800@32@32
stamp=ground,2,4,map\:terrain_atlas.png@0@800@32@32
stamp=ground,3,4,map\:terrain_atlas.png@0@800@32@32
stamp=ground,4,4,map\:terrain_atlas.png@0@800@32@32
stamp=ground,5,4,map\:terrain_atlas.png@0@800@32@32
stamp=ground,6,4,map\:terrain_atlas.png@0@800@32@32
stamp=ground,7,4,map\:terrain_atlas.png@0@800@32@32
stamp=ground,11,4,map\:terrain_atlas.png@0@800@32@32
stamp=ground,10,4,map\:terrain_atlas.png@0@800@32@32
stamp=ground,9,4,map\:terrain_atlas.png@0@800@32@32
stamp=ground,8,4,map\:terrain_atlas.png@0@800@32@32
stamp=ground,11,6,map\:terrain_atlas.png@0@800@32@32
stamp=ground,10,6,map\:terrain_atlas.png@0@800@32@32
stamp=ground,10,7,map\:terrain_atlas.png@0@800@32@32
stamp=ground,9,7,map\:terrain_atlas.png@0@800@32@32
stamp=ground,9,8,map\:terrain_atlas.png@0@800@32@32
stamp=ground,10,10,map\:terrain_atlas.png@0@800@32@32
stamp=ground,10,11,map\:terrain_atlas.png@0@800@32@32
stamp=ground,13,6,map\:terrain_atlas.png@0@800@32@32
stamp=ground,13,3,map\:terrain_atlas.png@0@800@32@32
stamp=ground,13,8,map\:terrain_atlas.png@0@800@32@32
stamp=ground,13,9,map\:terrain_atlas.png@0@800@32@32
stamp=ground,13,10,map\:terrain_atlas.png@0@800@32@32
stamp=ground,11,9,map\:terrain_atlas.png@0@800@32@32
stamp=ground,11,8,map\:terrain_atlas.png@0@800@32@32
stamp=ground,10,8,map\:terrain_atlas.png@0@800@32@32
stamp=ground,10,9,map\:terrain_atlas.png@0@800@32@32
stamp=ground,11,10,map\:terrain_atlas.png@0@800@32@32
stamp=ground,11,11,map\:terrain_atlas.png@0@800@32@32
stamp=ground,11,7,map\:terrain_atlas.png@0@800@32@32
stamp=ground,11,5,map\:terrain_atlas.png@0@800@32@32
stamp=ground,9,6,map\:terrain_atlas.png@0@800@32@32
stamp=ground,9,5,map\:terrain_atlas.png@0@800@32@32
stamp=ground,10,5,map\:terrain_atlas.png@0@800@32@32
stamp=ground,8,6,map\:terrain_atlas.png@0@800@32@32
stamp=ground,7,6,map\:terrain_atlas.png@0@800@32@32
stamp=ground,6,6,map\:terrain_atlas.png@0@800@32@32
stamp=ground,5,6,map\:terrain_atlas.png@0@800@32@32
stamp=ground,5,7,map\:terrain_atlas.png@0@800@32@32
stamp=ground,6,7,map\:terrain_atlas.png@0@800@32@32
stamp=ground,6,8,map\:terrain_atlas.png@0@800@32@32
stamp=ground,7,9,map\:terrain_atlas.png@0@800@32@32
stamp=ground,7,10,map\:terrain_atlas.png@0@800@32@32
stamp=ground,6,9,map\:terrain_atlas.png@0@800@32@32
stamp=ground,5,9,map\:terrain_atlas.png@0@800@32@32
stamp=ground,8,10,map\:terrain_atlas.png@0@800@32@32
stamp=ground,9,11,map\:terrain_atlas.png@0@800@32@32
stamp=ground,8,11,map\:terrain_atlas.png@0@800@32@32
stamp=ground,7,11,map\:terrain_atlas.png@0@800@32@32
stamp=ground,9,10,map\:terrain_atlas.png@0@800@32@32
stamp=ground,9,9,map\:terrain_atlas.png@0@800@32@32
stamp=ground,8,9,map\:terrain_atlas.png@0@800@32@32
stamp=ground,8,7,map\:terrain_atlas.png@0@800@32@32
stamp=ground,7,7,map\:terrain_atlas.png@0@800@32@32
stamp=ground,7,8,map\:terrain_atlas.png@0@800@32@32
stamp=ground,8,8,map\:terrain_atlas.png@0@800@32@32
stamp=ground,7,5,map\:terrain_atlas.png@0@800@32@32
stamp=ground,8,5,map\:terrain_atlas.png@0@800@32@32
stamp=ground,6,5,map\:terrain_atlas.png@0@800@32@32
stamp=ground,5,5,map\:terrain_atlas.png@0@800@32@32
stamp=ground,4,6,map\:terrain_atlas.png@0@800@32@32
stamp=ground,3,6,map\:terrain_atlas.png@0@800@32@32
stamp=ground,3,5,map\:terrain_atlas.png@0@800@32@32
stamp=ground,2,5,map\:terrain_atlas.png@0@800@32@32
stamp=ground,4,5,map\:terrain_atlas.png@0@800@32@32
stamp=ground,2,6,map\:terrain_atlas.png@0@800@32@32
stamp=ground,1,6,map\:terrain_atlas.png@0@800@32@32
stamp=ground,1,7,map\:terrain_atlas.png@0@800@32@32
stamp=ground,1,8,map\:terrain_atlas.png@0@800@32@32
stamp=ground,1,9,map\:terrain_atlas.png@0@800@32@32
stamp=ground,1,10,map\:terrain_atlas.png@0@800@32@32
stamp=ground,2,10,map\:terrain_atlas.png@0@800@32@32
stamp=ground,3,10,map\:terrain_atlas.png@0@800@32@32
stamp=ground,4,11,map\:terrain_atlas.png@0@800@32@32
stamp=ground,5,11,map\:terrain_atlas.png@0@800@32@32
stamp=ground,6,11,map\:terrain_atlas.png@0@800@32@32
stamp=ground,3,11,map\:terrain_atlas.png@0@800@32@32
stamp=ground,2,11,map\:terrain_atlas.png@0@800@32@32
stamp=ground,4,10,map\:terrain_atlas.png@0@800@32@32
stamp=ground,5,10,map\:terrain_atlas.png@0@800@32@32
stamp=ground,6,10,map\:terrain_atlas.png@0@800@32@32
stamp=ground,4,9,map\:terrain_atlas.png@0@800@32@32
stamp=ground,3,9,map\:terrain_atlas.png@0@800@32@32
stamp=ground,2,9,map\:terrain_atlas.png@0@800@32@32
stamp=ground,2,8,map\:terrain_atlas.png@0@800@32@32
stamp=ground,2,7,map\:terrain_atlas.png@0@800@32@32
stamp=ground,3,7,map\:terrain_atlas.png@0@800@32@32
stamp=ground,4,7,map\:terrain_atlas.png@0@800@32@32
stamp=ground,4,8,map\:terrain_atlas.png@0@800@32@32
stamp=ground,5,8,map\:terrain_atlas.png@0@800@32@32
stamp=ground,3,8,map\:terrain_atlas.png@0@800@32@32
stamp=ground,6,2,map\:terrain_atlas.png@0@800@32@32
stamp=ground,6,0,map\:terrain_atlas.png@0@800@32@32
stamp=ground,5,0,map\:terrain_atlas.png@0@800@32@32
stamp=ground,5,1,map\:terrain_atlas.png@0@800@32@32
stamp=ground,4,1,map\:terrain_atlas.png@0@800@32@32
stamp=ground,4,2,map\:terrain_atlas.png@0@800@32@32
stamp=ground,3,2,map\:terrain_atlas.png@0@800@32@32
stamp=ground,2,2,map\:terrain_atlas.png@0@800@32@32
stamp=ground,1,2,map\:terrain_atlas.png@0@800@32@32
stamp=ground,0,2,map\:terrain_atlas.png@0@800@32@32
stamp=ground,0,1,map\:terrain_atlas.png@0@800@32@32
stamp=ground,0,0,map\:terrain_atlas.png@0@800@32@32
stamp=ground,1,0,map\:terrain_atlas.png@0@800@32@32
stamp=ground,2,0,map\:terrain_atlas.png@0@800@32@32
stamp=ground,3,0,map\:terrain_atlas.png@0@800@32@32
stamp=ground,4,0,map\:terrain_atlas.png@0@800@32@32
stamp=ground,13,0,map\:terrain_atlas.png@0@800@32@32
stamp=ground,14,0,map\:terrain_atlas.png@0@800@32@32
stamp=ground,15,0,map\:terrain_atlas.png@0@800@32@32
stamp=ground,16,0,map\:terrain_atlas.png@0@800@32@32
stamp=ground,17,0,map\:terrain_atlas.png@0@800@32@32
stamp=ground,18,0,map\:terrain_atlas.png@0@800@32@32
stamp=ground,19,0,map\:terrain_atlas.png@0@800@32@32
stamp=ground,20,0,map\:terrain_atlas.png@0@800@32@32
stamp=ground,21,0,map\:terrain_atlas.png@0@800@32@32
stamp=ground,22,0,map\:terrain_atlas.png@0@800@32@32
stamp=ground,12,0,map\:terrain_atlas.png@0@800@32@32
stamp=ground,11,0,map\:terrain_atlas.png@0@800@32@32
stamp=ground,10,0,map\:terrain_atlas.png@0@800@32@32
stamp=ground,9,0,map\:terrain_atlas.png@0@800@32@32
stamp=ground,9,1,map\:terrain_atlas.png@0@800@32@32
stamp=ground,10,1,map\:terrain_atlas.png@0@800@32@32
stamp=ground,11,1,map\:terrain_atlas.png@0@800@32@32
stamp=ground,11,2,map\:terrain_atlas.png@0@800@32@32
stamp=ground,10,2,map\:terrain_atlas.png@0@800@32@32
stamp=ground,9,2,map\:terrain_atlas.png@0@800@32@32
stamp=ground,8,2,map\:terrain_atlas.png@0@800@32@32
stamp=ground,8,1,map\:terrain_atlas.png@0@800@32@32
stamp=ground,7,1,map\:terrain_atlas.png@0@800@32@32
stamp=ground,7,2,map\:terrain_atlas.png@0@800@32@32
stamp=ground,3,1,map\:terrain_atlas.png@0@800@32@32
stamp=ground,2,1,map\:terrain_atlas.png@0@800@32@32
stamp=ground,1,1,map\:terrain_atlas.png@0@800@32@32
stamp=ground,14,3,map\:terrain_atlas.png@0@800@32@32
stamp=ground,15,3,map\:terrain_atlas.png@0@800@32@32
stamp=ground,15,2,map\:terrain_atlas.png@0@800@32@32
stamp=ground,14,2,map\:terrain_atlas.png@0@800@32@32
stamp=ground,13,2,map\:terrain_atlas.png@0@800@32@32
stamp=ground,16,2,map\:terrain_atlas.png@0@800@32@32
stamp=ground,17,2,map\:terrain_atlas.png@0@800@32@32
stamp=ground,18,2,map\:terrain_atlas.png@0@800@32@32
stamp=ground,19,2,map\:terrain_atlas.png@0@800@32@32
stamp=ground,20,2,map\:terrain_atlas.png@0@800@32@32
stamp=ground,21,2,map\:terrain_atlas.png@0@800@32@32
stamp=ground,21,3,map\:terrain_atlas.png@0@800@32@32
stamp=ground,21,4,map\:terrain_atlas.png@0@800@32@32
stamp=ground,20,4,map\:terrain_atlas.png@0@800@32@32
stamp=ground,20,5,map\:terrain_atlas.png@0@800@32@32
stamp=ground,20,6,map\:terrain_atlas.png@0@800@32@32
stamp=ground,21,5,map\:terrain_atlas.png@0@800@32@32
stamp=ground,20,7,map\:terrain_atlas.png@0@800@32@32
stamp=ground,19,7,map\:terrain_atlas.png@0@800@32@32
stamp=ground,19,8,map\:terrain_atlas.png@0@800@32@32
stamp=ground,18,8,map\:terrain_atlas.png@0@800@32@32
stamp=ground,18,9,map\:terrain_atlas.png@0@800@32@32
stamp=ground,17,9,map\:terrain_atlas.png@0@800@32@32
stamp=ground,16,10,map\:terrain_atlas.png@0@800@32@32
stamp=ground,16,9,map\:terrain_atlas.png@0@800@32@32
stamp=ground,14,10,map\:terrain_atlas.png@0@800@32@32
stamp=ground,14,11,map\:terrain_atlas.png@0@800@32@32
stamp=ground,14,12,map\:terrain_atlas.png@0@800@32@32
stamp=ground,13,12,map\:terrain_atlas.png@0@800@32@32
stamp=ground,13,11,map\:terrain_atlas.png@0@800@32@32
stamp=ground,14,9,map\:terrain_atlas.png@0@800@32@32
stamp=ground,14,8,map\:terrain_atlas.png@0@800@32@32
stamp=ground,14,7,map\:terrain_atlas.png@0@800@32@32
stamp=ground,13,7,map\:terrain_atlas.png@0@800@32@32
stamp=ground,13,5,map\:terrain_atlas.png@0@800@32@32
stamp=ground,14,4,map\:terrain_atlas.png@0@800@32@32
stamp=ground,15,4,map\:terrain_atlas.png@0@800@32@32
stamp=ground,16,4,map\:terrain_atlas.png@0@800@32@32
stamp=ground,17,4,map\:terrain_atlas.png@0@800@32@32
stamp=ground,18,4,map\:terrain_atlas.png@0@800@32@32
stamp=ground,19,4,map\:terrain_atlas.png@0@800@32@32
stamp=ground,19,3,map\:terrain_atlas.png@0@800@32@32
stamp=ground,18,3,map\:terrain_atlas.png@0@800@32@32
stamp=ground,17,3,map\:terrain_atlas.png@0@800@32@32
stamp=ground,16,3,map\:terrain_atlas.png@0@800@32@32
stamp=ground,20,3,map\:terrain_atlas.png@0@800@32@32
stamp=ground,19,5,map\:terrain_atlas.png@0@800@32@32
stamp=ground,18,5,map\:terrain_atlas.png@0@800@32@32
stamp=ground,18,6,map\:terrain_atlas.png@0@800@32@32
stamp=ground,19,6,map\:terrain_atlas.png@0@800@32@32
stamp=ground,18,7,map\:terrain_atlas.png@0@800@32@32
stamp=ground,17,7,map\:terrain_atlas.png@0@800@32@32
stamp=ground,17,8,map\:terrain_atlas.png@0@800@32@32
stamp=ground,16,8,map\:terrain_atlas.png@0@800@32@32
stamp=ground,16,7,map\:terrain_atlas.png@0@800@32@32
stamp=ground,16,6,map\:terrain_atlas.png@0@800@32@32
stamp=ground,17,6,map\:terrain_atlas.png@0@800@32@32
stamp=ground,17,5,map\:terrain_atlas.png@0@800@32@32
stamp=ground,15,5,map\:terrain_atlas.png@0@800@32@32
stamp=ground,16,5,map\:terrain_atlas.png@0@800@32@32
stamp=road,11,6,map\:terrain_atlas.png@192@864@32@32
stamp=road,11,5,map\:terrain_atlas.png@192@832@32@32
stamp=road,12,5,map\:terrain_atlas.png@224@832@32@32
stamp=road,13,5,map\:terrain_atlas.png@256@832@32@32
stamp=road,13,6,map\:terrain_atlas.png@256@864@32@32
stamp=road,13,7,map\:terrain_atlas.png@256@896@32@32
stamp=road,12,6,map\:terrain_atlas.png@224@864@32@32
stamp=road,11,7,map\:terrain_atlas.png@192@896@32@32
stamp=road,12,7,map\:terrain_atlas.png@224@896@32@32
stamp=road,7,1,map\:terrain_atlas.png@96@896@32@32
stamp=road,8,1,map\:terrain_atlas.png@128@896@32@32
stamp=road,9,1,map\:terrain_atlas.png@160@896@32@32
stamp=road,7,2,map\:terrain_atlas.png@96@928@32@32
stamp=road,9,2,map\:terrain_atlas.png@160@928@32@32
stamp=road,7,3,map\:terrain_atlas.png@96@960@32@32
stamp=road,8,3,map\:terrain_atlas.png@128@960@32@32
stamp=road,9,3,map\:terrain_atlas.png@160@960@32@32
stamp=road,6,8,map\:terrain_atlas.png@320@832@32@32
stamp=road,7,8,map\:terrain_atlas.png@352@832@32@32
stamp=road,8,8,map\:terrain_atlas.png@384@832@32@32
stamp=road,6,9,map\:terrain_atlas.png@320@864@32@32
stamp=road,7,9,map\:terrain_atlas.png@352@864@32@32
stamp=road,8,9,map\:terrain_atlas.png@384@864@32@32
stamp=road,6,10,map\:terrain_atlas.png@320@896@32@32
stamp=road,7,10,map\:terrain_atlas.png@352@896@32@32
stamp=road,8,10,map\:terrain_atlas.png@384@896@32@32
stamp=road,17,3,map\:terrain_atlas.png@320@832@32@32
stamp=road,18,3,map\:terrain_atlas.png@352@832@32@32
stamp=road,19,3,map\:terrain_atlas.png@384@832@32@32
stamp=road,17,4,map\:terrain_atlas.png@320@864@32@32
stamp=road,18,4,map\:terrain_atlas.png@352@864@32@32
stamp=road,19,4,map\:terrain_atlas.png@384@864@32@32
stamp=road,17,5,map\:terrain_atlas.png@320@896@32@32
stamp=road,18,5,map\:terrain_atlas.png@352@896@32@32
stamp=road,19,5,map\:terrain_atlas.png@384@896@32@32
stamp=road,14,5,map\:terrain_atlas.png@480@384@32@32
stamp=road,15,5,map\:terrain_atlas.png@512@384@32@32
stamp=road,14,6,map\:terrain_atlas.png@480@416@32@32
stamp=road,15,6,map\:terrain_atlas.png@512@416@32@32
stamp=road,14,7,map\:terrain_atlas.png@480@448@32@32
stamp=road,15,7,map\:terrain_atlas.png@512@448@32@32
object=npc,npc_1,384,96,48,48,sprite:map\:terrain_atlas.png@480@384@64@96,title:NPC,name:Guide
object=portal,portal_2,624,96,48,48,sprite:map\:base_out_atlas.png@384@608@32@32,title:Portal,target_x:624,target_y:96
object=portal,portal_3,576,768,48,48,sprite:map\:base_out_atlas.png@384@608@32@32,title:Portal,target_x:576,target_y:768
blocked=672,336,48,48
blocked=720,336,48,48
blocked=720,288,48,48
blocked=672,288,48,48
