map_id=overworld
world_name=Frontier Overworld
tile=48
width=80
height=36
spawn=248,640
property=music,frontier_day
property=climate,temperate
property=biome,frontier_overworld
property=map_script,overworld_main
property=player_sprite_north,character:base_out_atlas.png@640@0@32@32
property=player_sprite_east,character:base_out_atlas.png@672@0@32@32
property=player_sprite_west,character:base_out_atlas.png@704@0@32@32
property=player_sprite_south,character:base_out_atlas.png@608@0@32@32
layer=ground,image,map:terrain_atlas.png@0@0@32@32,#FFFFFFFF,1.0
layer=road,image,map:terrain_atlas.png@96@0@32@32,#FFFFFFFF,1.0
layer=water,image,map:base_out_atlas.png@0@160@32@32,#E9F8FFFF,1.0
layer=detail,image,map:base_out_atlas.png@288@0@32@32,#FFFFFFFF,1.1
object=region,greenfields_region,0,384,1728,864,title:Greenfields,climate:temperate,description:Starter plains and field roads.
object=region,crossroads_region,2208,288,1488,1104,title:Crossroads,climate:dry_wind,description:Trade route junction with caravan traffic.
object=npc,luna,304,624,32,32,name:Luna,title:Field Guide,behavior:starter_guide,script:npc_luna,sprite:map:base_out_atlas.png@608@0@32@32,pivot:0.0|0.0,facing:south,z:1,intro1:Welcome to Greenfields.,intro2:Head east to the stone marker on the main road.,progress:Keep going east. The milestone is on the road.,complete:Good. You know the road now.,idle:Stay sharp. More quests will come later.
object=prop,sign_west,256,612,32,32,title:Road Sign,description:West road to the quiet farms.,sprite:map:base_out_atlas.png@384@0@32@32,pivot:0.0|0.0,facing:west,z:1
object=trigger,starter_road_marker,850,590,180,120,quest:starter_scout_road,script:trigger_starter_road,title:Scout the Main Road,description:Reach the milestone on the east road and return to Luna,complete_text:Objective complete. Return to Luna.,turnin_text:Quest completed.
object=portal,greenfields_waygate,1184,640,96,96,title:Waygate to Crossroads,target_title:Crossroads,sprite:map:base_out_atlas.png@384@0@32@32,pivot:0.0|0.0,facing:east,z:1,target_x:2544,target_y:624
object=prop,sign_north,2592,328,32,32,title:Northern Route,description:The northern caravan road leads into the hills.,sprite:map:base_out_atlas.png@384@0@32@32,pivot:0.0|0.0,facing:north,z:1
object=prop,sign_south,2672,936,32,32,title:Southern Route,description:The southern road heads toward the river camps.,sprite:map:base_out_atlas.png@384@0@32@32,pivot:0.0|0.0,facing:south,z:1
object=prop,milestone_center,2664,624,32,32,title:Crossroads Marker,description:Merchants carved old distance marks into this stone.,sprite:map:base_out_atlas.png@416@0@32@32,pivot:0.0|0.0,facing:south,z:1
object=portal,crossroads_waygate,2400,624,96,96,title:Waygate to Greenfields,target_title:Greenfields,sprite:map:base_out_atlas.png@384@0@32@32,pivot:0.0|0.0,facing:west,z:1,target_x:352,target_y:640
stamp=water,19,2,map:base_out_atlas.png@0@160@32@32
stamp=water,20,2,map:base_out_atlas.png@0@160@32@32
stamp=water,21,2,map:base_out_atlas.png@0@160@32@32
stamp=water,22,2,map:base_out_atlas.png@0@160@32@32
stamp=water,23,2,map:base_out_atlas.png@0@160@32@32
stamp=water,24,2,map:base_out_atlas.png@0@160@32@32
stamp=water,19,3,map:base_out_atlas.png@0@160@32@32
stamp=water,20,3,map:base_out_atlas.png@0@160@32@32
stamp=water,21,3,map:base_out_atlas.png@0@160@32@32
stamp=water,22,3,map:base_out_atlas.png@0@160@32@32
stamp=water,23,3,map:base_out_atlas.png@0@160@32@32
stamp=water,24,3,map:base_out_atlas.png@0@160@32@32
stamp=water,19,4,map:base_out_atlas.png@0@160@32@32
stamp=water,20,4,map:base_out_atlas.png@0@160@32@32
stamp=water,21,4,map:base_out_atlas.png@0@160@32@32
stamp=water,22,4,map:base_out_atlas.png@0@160@32@32
stamp=water,23,4,map:base_out_atlas.png@0@160@32@32
stamp=water,24,4,map:base_out_atlas.png@0@160@32@32
stamp=water,19,5,map:base_out_atlas.png@0@160@32@32
stamp=water,20,5,map:base_out_atlas.png@0@160@32@32
stamp=water,21,5,map:base_out_atlas.png@0@160@32@32
stamp=water,22,5,map:base_out_atlas.png@0@160@32@32
stamp=water,23,5,map:base_out_atlas.png@0@160@32@32
stamp=water,24,5,map:base_out_atlas.png@0@160@32@32
stamp=water,25,23,map:base_out_atlas.png@0@160@32@32
stamp=water,26,23,map:base_out_atlas.png@0@160@32@32
stamp=water,27,23,map:base_out_atlas.png@0@160@32@32
stamp=water,28,23,map:base_out_atlas.png@0@160@32@32
stamp=water,29,23,map:base_out_atlas.png@0@160@32@32
stamp=water,30,23,map:base_out_atlas.png@0@160@32@32
stamp=water,31,23,map:base_out_atlas.png@0@160@32@32
stamp=water,25,24,map:base_out_atlas.png@0@160@32@32
stamp=water,26,24,map:base_out_atlas.png@0@160@32@32
stamp=water,27,24,map:base_out_atlas.png@0@160@32@32
stamp=water,28,24,map:base_out_atlas.png@0@160@32@32
stamp=water,29,24,map:base_out_atlas.png@0@160@32@32
stamp=water,30,24,map:base_out_atlas.png@0@160@32@32
stamp=water,31,24,map:base_out_atlas.png@0@160@32@32
stamp=water,25,25,map:base_out_atlas.png@0@160@32@32
stamp=water,26,25,map:base_out_atlas.png@0@160@32@32
stamp=water,27,25,map:base_out_atlas.png@0@160@32@32
stamp=water,28,25,map:base_out_atlas.png@0@160@32@32
stamp=water,29,25,map:base_out_atlas.png@0@160@32@32
stamp=water,30,25,map:base_out_atlas.png@0@160@32@32
stamp=water,31,25,map:base_out_atlas.png@0@160@32@32
stamp=water,60,2,map:base_out_atlas.png@0@160@32@32
stamp=water,61,2,map:base_out_atlas.png@0@160@32@32
stamp=water,62,2,map:base_out_atlas.png@0@160@32@32
stamp=water,63,2,map:base_out_atlas.png@0@160@32@32
stamp=water,64,2,map:base_out_atlas.png@0@160@32@32
stamp=water,65,2,map:base_out_atlas.png@0@160@32@32
stamp=water,60,3,map:base_out_atlas.png@0@160@32@32
stamp=water,61,3,map:base_out_atlas.png@0@160@32@32
stamp=water,62,3,map:base_out_atlas.png@0@160@32@32
stamp=water,63,3,map:base_out_atlas.png@0@160@32@32
stamp=water,64,3,map:base_out_atlas.png@0@160@32@32
stamp=water,65,3,map:base_out_atlas.png@0@160@32@32
stamp=water,60,4,map:base_out_atlas.png@0@160@32@32
stamp=water,61,4,map:base_out_atlas.png@0@160@32@32
stamp=water,62,4,map:base_out_atlas.png@0@160@32@32
stamp=water,63,4,map:base_out_atlas.png@0@160@32@32
stamp=water,64,4,map:base_out_atlas.png@0@160@32@32
stamp=water,65,4,map:base_out_atlas.png@0@160@32@32
blocked=260,220,220,140
blocked=820,500,260,160
blocked=1280,260,280,180
blocked=1450,900,240,220
blocked=420,980,180,180
blocked=2360,312,220,160
blocked=2920,360,260,140
blocked=3140,760,240,220
blocked=2460,980,220,120
