map_format=2
map_id=overworld
world_name=Frontier Overworld
tile_size=48
size=80,36
spawn=248,640
asset=player,character,base_out_atlas.png
asset=terrain,map,terrain_atlas.png
asset=objects,map,base_out_atlas.png
property=music,frontier_day
property=climate,temperate
property=biome,frontier_overworld
property=map_script,overworld_main
property=player_sprite_north,player@640@0@32@32
property=player_sprite_east,player@672@0@32@32
property=player_sprite_west,player@704@0@32@32
property=player_sprite_south,player@608@0@32@32
layer=ground,tilemap,asset:terrain@0@0@32@32,tint:#FFFFFFFF,parallax:1.0
layer=road,tilemap,asset:terrain@96@0@32@32,tint:#FFFFFFFF,parallax:1.0
layer=water,tilemap,asset:objects@0@160@32@32,tint:#E9F8FFFF,parallax:1.0
layer=detail,tilemap,asset:objects@288@0@32@32,tint:#FFFFFFFF,parallax:1.1
fill=water,19,2,6,4,objects@0@160@32@32
fill=water,60,2,6,3,objects@0@160@32@32
fill=water,25,23,7,3,objects@0@160@32@32
area=block,260,220,220,140
area=block,820,500,260,160
area=block,1280,260,280,180
area=block,1450,900,240,220
area=block,420,980,180,180
area=block,2360,312,220,160
area=block,2920,360,260,140
area=block,3140,760,240,220
area=block,2460,980,220,120
entity=region,greenfields_region,0,384,1728,864
prop=greenfields_region,title,Greenfields
prop=greenfields_region,climate,temperate
prop=greenfields_region,description,Starter plains and field roads.
entity=region,crossroads_region,2208,288,1488,1104
prop=crossroads_region,title,Crossroads
prop=crossroads_region,climate,dry_wind
prop=crossroads_region,description,Trade route junction with caravan traffic.
entity=npc,luna,304,624,32,32
prop=luna,name,Luna
prop=luna,title,Field Guide
prop=luna,behavior,starter_guide
prop=luna,script,npc_luna
prop=luna,sprite,objects@608@0@32@32
prop=luna,pivot,0.0|0.0
prop=luna,facing,south
prop=luna,z,1
prop=luna,intro1,Welcome to Greenfields.
prop=luna,intro2,Head east to the stone marker on the main road.
prop=luna,progress,Keep going east. The milestone is on the road.
prop=luna,complete,Good. You know the road now.
prop=luna,idle,Stay sharp. More quests will come later.
entity=prop,sign_west,256,612,32,32
prop=sign_west,title,Road Sign
prop=sign_west,description,West road to the quiet farms.
prop=sign_west,sprite,objects@384@0@32@32
prop=sign_west,pivot,0.0|0.0
prop=sign_west,facing,west
prop=sign_west,z,1
entity=trigger,starter_road_marker,850,590,180,120
prop=starter_road_marker,quest,starter_scout_road
prop=starter_road_marker,script,trigger_starter_road
prop=starter_road_marker,title,Scout the Main Road
prop=starter_road_marker,description,Reach the milestone on the east road and return to Luna
prop=starter_road_marker,complete_text,Objective complete. Return to Luna.
prop=starter_road_marker,turnin_text,Quest completed.
entity=portal,greenfields_waygate,1184,640,96,96
prop=greenfields_waygate,title,Waygate to Crossroads
prop=greenfields_waygate,target_title,Crossroads
prop=greenfields_waygate,script,portal_travel
prop=greenfields_waygate,sprite,objects@384@0@32@32
prop=greenfields_waygate,pivot,0.0|0.0
prop=greenfields_waygate,facing,east
prop=greenfields_waygate,z,1
prop=greenfields_waygate,target_x,2544
prop=greenfields_waygate,target_y,624
entity=prop,sign_north,2592,328,32,32
prop=sign_north,title,Northern Route
prop=sign_north,description,The northern caravan road leads into the hills.
prop=sign_north,sprite,objects@384@0@32@32
prop=sign_north,pivot,0.0|0.0
prop=sign_north,facing,north
prop=sign_north,z,1
entity=prop,sign_south,2672,936,32,32
prop=sign_south,title,Southern Route
prop=sign_south,description,The southern road heads toward the river camps.
prop=sign_south,sprite,objects@384@0@32@32
prop=sign_south,pivot,0.0|0.0
prop=sign_south,facing,south
prop=sign_south,z,1
entity=prop,milestone_center,2664,624,32,32
prop=milestone_center,title,Crossroads Marker
prop=milestone_center,description,Merchants carved old distance marks into this stone.
prop=milestone_center,sprite,objects@416@0@32@32
prop=milestone_center,pivot,0.0|0.0
prop=milestone_center,facing,south
prop=milestone_center,z,1
entity=portal,crossroads_waygate,2400,624,96,96
prop=crossroads_waygate,title,Waygate to Greenfields
prop=crossroads_waygate,target_title,Greenfields
prop=crossroads_waygate,script,portal_travel
prop=crossroads_waygate,sprite,objects@384@0@32@32
prop=crossroads_waygate,pivot,0.0|0.0
prop=crossroads_waygate,facing,west
prop=crossroads_waygate,z,1
prop=crossroads_waygate,target_x,352
prop=crossroads_waygate,target_y,640
